// Vitest Snapshot v1, https://vitest.dev/guide/snapshot.html

exports[`jsdocsToMarkdown > combines extraction and rendering 1`] = `
"### \`add\`

\`\`\`ts
function add(a: number, b: number): number
\`\`\`

Add two numbers.

**Parameters:**

- **\`a\`** — First number
- **\`b\`** — Second number

**Returns:** — The sum

**Example:**

\`\`\`ts
add(1, 2) // 3
\`\`\`

---

### \`User\`

\`\`\`ts
interface User
\`\`\`

User object.
"
`;
